
> temp-next@0.1.0 test
> jest

node.exe : (node:13372) Warning: `--localstorage-file` was provided without a valid path
At line:1 char:1
+ & "C:\Program Files\nodejs/node.exe" "C:\Program Files\nodejs/node_mo ...
+ ~~~~~~~~~~~~~~~~~~~~~~~~~~~~~~~~~~~~~~~~~~~~~~~~~~~~~~~~~~~~~~~~~~~~~
    + CategoryInfo          : NotSpecified: ((node:13372) Wa...ut a valid path:String) [], RemoteException
    + FullyQualifiedErrorId : NativeCommandError
 
(Use `node --trace-warnings ...` to show where the warning was created)
(node:37932) Warning: `--localstorage-file` was provided without a valid path
(Use `node --trace-warnings ...` to show where the warning was created)
PASS src/test/middleware.test.ts
PASS src/test/middleware-auth.test.ts
PASS src/test/rls-policies.test.ts
FAIL src/test/financeStore.test.ts
  ΓùÅ useFinanceStore ΓÇ║ triggers notifications and confetti on proper actions

    expect(received).toHaveLength(expected)

    Expected length: 1
    Received length: 3
    Received array:  [{"id": "36la7l", "message": "Unlocked Badge: ≡ƒî▒ First Step!", "timestamp": 1781812043710, 
"type": "success"}, {"id": "91tq0d", "message": "Unlocked Badge: ≡ƒÆ░ Big Saver!", "timestamp": 1781812043710, "type": 
"success"}, {"id": "0zas", "message": "SAVINGS: logged 100.00 ", "timestamp": 1781812043710, "type": "success"}]

    [0m [90m 225 |[39m
     [90m 226 |[39m     [36mlet[39m state [33m=[39m useFinanceStore[33m.[39mgetState()[33m;[39m
    [31m[1m>[22m[39m[90m 227 |[39m     
expect(state[33m.[39mnotifications)[33m.[39mtoHaveLength([35m1[39m)[33m;[39m
     [90m     |[39m                                 [31m[1m^[22m[39m
     [90m 228 |[39m     
expect(state[33m.[39mnotifications[[35m0[39m][33m.[39mmessage)[33m.[39mtoContain([32m'SAVINGS: logged 
100'[39m)[33m;[39m
     [90m 229 |[39m     expect(state[33m.[39mconfettiTrigger)[33m.[39mtoBe([35m1[39m)[33m;[39m
     [90m 230 |[39m[0m

      at Object.<anonymous> (src/test/financeStore.test.ts:227:33)

PASS src/test/pdf-generator.test.ts
  ΓùÅ Console

    console.log
      PDF Generation - Input data: {
        customerName: 'John Doe',
        purchaseDetails: {
          productName: 'Smart TV',
          plannedCost: '500.00',
          savedAmount: '200.00',
          tenureMonths: '6'
        }
      }

      at generatePlanPDF (src/utils/pdf-generator.ts:33:11)

    console.log
      PDF generated successfully, size: 1228

      at generatePlanPDF (src/utils/pdf-generator.ts:120:11)

PASS src/test/auth-helpers.test.ts
PASS src/test/profile.test.ts
PASS src/test/profile-setup-save.test.tsx
PASS src/test/dashboard-layout.test.tsx
  ΓùÅ Console

    console.warn
      Supabase URL or Key is missing in environment variables!

    [0m [90m  6 |[39m
     [90m  7 |[39m   [36mif[39m ([33m![39murl [33m||[39m [33m![39mkey) {
    [31m[1m>[22m[39m[90m  8 |[39m     console[33m.[39mwarn([32m"Supabase URL or Key is missing in environment 
variables!"[39m)
     [90m    |[39m             [31m[1m^[22m[39m
     [90m  9 |[39m     [36mreturn[39m [36mnull[39m [36mas[39m any
     [90m 10 |[39m   }
     [90m 11 |[39m[0m

      at createClient (src/utils/supabase/client.ts:8:13)
      at src/components/GlobalFAB.tsx:14:34
      at Object.react_stack_bottom_frame (node_modules/react-dom/cjs/react-dom-client.development.js:25989:20)
      at runWithFiberInDEV (node_modules/react-dom/cjs/react-dom-client.development.js:874:13)
      at commitHookEffectListMount (node_modules/react-dom/cjs/react-dom-client.development.js:13249:29)
      at commitHookPassiveMountEffects (node_modules/react-dom/cjs/react-dom-client.development.js:13336:11)
      at commitPassiveMountOnFiber (node_modules/react-dom/cjs/react-dom-client.development.js:15484:13)
      at recursivelyTraversePassiveMountEffects (node_modules/react-dom/cjs/react-dom-client.development.js:15439:11)
      at commitPassiveMountOnFiber (node_modules/react-dom/cjs/react-dom-client.development.js:15718:11)
      at recursivelyTraversePassiveMountEffects (node_modules/react-dom/cjs/react-dom-client.development.js:15439:11)
      at commitPassiveMountOnFiber (node_modules/react-dom/cjs/react-dom-client.development.js:15519:11)
      at flushPassiveEffects (node_modules/react-dom/cjs/react-dom-client.development.js:18432:9)
      at node_modules/react-dom/cjs/react-dom-client.development.js:17923:15
      at flushActQueue (node_modules/react/cjs/react.development.js:590:34)
      at process.env.NODE_ENV.exports.act (node_modules/react/cjs/react.development.js:884:10)
      at node_modules/@testing-library/react/dist/act-compat.js:46:25
      at renderRoot (node_modules/@testing-library/react/dist/pure.js:189:26)
      at render (node_modules/@testing-library/react/dist/pure.js:291:10)
      at Object.<anonymous> (src/test/dashboard-layout.test.tsx:74:11)

    console.warn
      Supabase URL or Key is missing in environment variables!

    [0m [90m  6 |[39m
     [90m  7 |[39m   [36mif[39m ([33m![39murl [33m||[39m [33m![39mkey) {
    [31m[1m>[22m[39m[90m  8 |[39m     console[33m.[39mwarn([32m"Supabase URL or Key is missing in environment 
variables!"[39m)
     [90m    |[39m             [31m[1m^[22m[39m
     [90m  9 |[39m     [36mreturn[39m [36mnull[39m [36mas[39m any
     [90m 10 |[39m   }
     [90m 11 |[39m[0m

      at createClient (src/utils/supabase/client.ts:8:13)
      at src/hooks/useRealtimeSync.ts:8:34
      at Object.react_stack_bottom_frame (node_modules/react-dom/cjs/react-dom-client.development.js:25989:20)
      at runWithFiberInDEV (node_modules/react-dom/cjs/react-dom-client.development.js:874:13)
      at commitHookEffectListMount (node_modules/react-dom/cjs/react-dom-client.development.js:13249:29)
      at commitHookPassiveMountEffects (node_modules/react-dom/cjs/react-dom-client.development.js:13336:11)
      at commitPassiveMountOnFiber (node_modules/react-dom/cjs/react-dom-client.development.js:15484:13)
      at recursivelyTraversePassiveMountEffects (node_modules/react-dom/cjs/react-dom-client.development.js:15439:11)
      at commitPassiveMountOnFiber (node_modules/react-dom/cjs/react-dom-client.development.js:15718:11)
      at recursivelyTraversePassiveMountEffects (node_modules/react-dom/cjs/react-dom-client.development.js:15439:11)
      at commitPassiveMountOnFiber (node_modules/react-dom/cjs/react-dom-client.development.js:15519:11)
      at flushPassiveEffects (node_modules/react-dom/cjs/react-dom-client.development.js:18432:9)
      at node_modules/react-dom/cjs/react-dom-client.development.js:17923:15
      at flushActQueue (node_modules/react/cjs/react.development.js:590:34)
      at process.env.NODE_ENV.exports.act (node_modules/react/cjs/react.development.js:884:10)
      at node_modules/@testing-library/react/dist/act-compat.js:46:25
      at renderRoot (node_modules/@testing-library/react/dist/pure.js:189:26)
      at render (node_modules/@testing-library/react/dist/pure.js:291:10)
      at Object.<anonymous> (src/test/dashboard-layout.test.tsx:74:11)

    console.warn
      Supabase URL or Key is missing in environment variables!

    [0m [90m  6 |[39m
     [90m  7 |[39m   [36mif[39m ([33m![39murl [33m||[39m [33m![39mkey) {
    [31m[1m>[22m[39m[90m  8 |[39m     console[33m.[39mwarn([32m"Supabase URL or Key is missing in environment 
variables!"[39m)
     [90m    |[39m             [31m[1m^[22m[39m
     [90m  9 |[39m     [36mreturn[39m [36mnull[39m [36mas[39m any
     [90m 10 |[39m   }
     [90m 11 |[39m[0m

      at createClient (src/utils/supabase/client.ts:8:13)
      at src/components/GlobalFAB.tsx:14:34
      at Object.react_stack_bottom_frame (node_modules/react-dom/cjs/react-dom-client.development.js:25989:20)
      at runWithFiberInDEV (node_modules/react-dom/cjs/react-dom-client.development.js:874:13)
      at commitHookEffectListMount (node_modules/react-dom/cjs/react-dom-client.development.js:13249:29)
      at commitHookPassiveMountEffects (node_modules/react-dom/cjs/react-dom-client.development.js:13336:11)
      at commitPassiveMountOnFiber (node_modules/react-dom/cjs/react-dom-client.development.js:15484:13)
      at recursivelyTraversePassiveMountEffects (node_modules/react-dom/cjs/react-dom-client.development.js:15439:11)
      at commitPassiveMountOnFiber (node_modules/react-dom/cjs/react-dom-client.development.js:15718:11)
      at recursivelyTraversePassiveMountEffects (node_modules/react-dom/cjs/react-dom-client.development.js:15439:11)
      at commitPassiveMountOnFiber (node_modules/react-dom/cjs/react-dom-client.development.js:15519:11)
      at flushPassiveEffects (node_modules/react-dom/cjs/react-dom-client.development.js:18432:9)
      at node_modules/react-dom/cjs/react-dom-client.development.js:17923:15
      at flushActQueue (node_modules/react/cjs/react.development.js:590:34)
      at process.env.NODE_ENV.exports.act (node_modules/react/cjs/react.development.js:884:10)
      at node_modules/@testing-library/react/dist/act-compat.js:46:25
      at renderRoot (node_modules/@testing-library/react/dist/pure.js:189:26)
      at render (node_modules/@testing-library/react/dist/pure.js:291:10)
      at Object.<anonymous> (src/test/dashboard-layout.test.tsx:84:11)

    console.warn
      Supabase URL or Key is missing in environment variables!

    [0m [90m  6 |[39m
     [90m  7 |[39m   [36mif[39m ([33m![39murl [33m||[39m [33m![39mkey) {
    [31m[1m>[22m[39m[90m  8 |[39m     console[33m.[39mwarn([32m"Supabase URL or Key is missing in environment 
variables!"[39m)
     [90m    |[39m             [31m[1m^[22m[39m
     [90m  9 |[39m     [36mreturn[39m [36mnull[39m [36mas[39m any
     [90m 10 |[39m   }
     [90m 11 |[39m[0m

      at createClient (src/utils/supabase/client.ts:8:13)
      at src/hooks/useRealtimeSync.ts:8:34
      at Object.react_stack_bottom_frame (node_modules/react-dom/cjs/react-dom-client.development.js:25989:20)
      at runWithFiberInDEV (node_modules/react-dom/cjs/react-dom-client.development.js:874:13)
      at commitHookEffectListMount (node_modules/react-dom/cjs/react-dom-client.development.js:13249:29)
      at commitHookPassiveMountEffects (node_modules/react-dom/cjs/react-dom-client.development.js:13336:11)
      at commitPassiveMountOnFiber (node_modules/react-dom/cjs/react-dom-client.development.js:15484:13)
      at recursivelyTraversePassiveMountEffects (node_modules/react-dom/cjs/react-dom-client.development.js:15439:11)
      at commitPassiveMountOnFiber (node_modules/react-dom/cjs/react-dom-client.development.js:15718:11)
      at recursivelyTraversePassiveMountEffects (node_modules/react-dom/cjs/react-dom-client.development.js:15439:11)
      at commitPassiveMountOnFiber (node_modules/react-dom/cjs/react-dom-client.development.js:15519:11)
      at flushPassiveEffects (node_modules/react-dom/cjs/react-dom-client.development.js:18432:9)
      at node_modules/react-dom/cjs/react-dom-client.development.js:17923:15
      at flushActQueue (node_modules/react/cjs/react.development.js:590:34)
      at process.env.NODE_ENV.exports.act (node_modules/react/cjs/react.development.js:884:10)
      at node_modules/@testing-library/react/dist/act-compat.js:46:25
      at renderRoot (node_modules/@testing-library/react/dist/pure.js:189:26)
      at render (node_modules/@testing-library/react/dist/pure.js:291:10)
      at Object.<anonymous> (src/test/dashboard-layout.test.tsx:84:11)

PASS src/test/summary-submission.test.tsx
PASS src/test/login-client-next.test.tsx

Test Suites: 1 failed, 10 passed, 11 total
Tests:       1 failed, 65 passed, 66 total
Snapshots:   0 total
Time:        5.903 s
Ran all test suites.
